// Jest Snapshot v1, https://goo.gl/fbAQLP

exports[`undefined Snapshot 1`] = `
<body>
  <div>
    <div
      class="sc-bdvvtL lmxjND"
    />
  </div>
</body>
`;
