// Jest Snapshot v1, https://goo.gl/fbAQLP

exports[`TextCard Snapshot 1`] = `
<body>
  <div>
    <div>
      <h2
        style="font-size: 36px; line-height: 48px; color: rgb(47, 128, 237);"
      >
        npm
      </h2>
      <div
        style="font-size: 18px; line-height: 24px; color: rgba(0, 0, 0, 0.85);"
      >
        description
      </div>
      <div
        style="font-size: 18px; line-height: 24px; color: rgba(0, 0, 0, 0.85);"
      >
        Authentication: 
        authentication
      </div>
      <div
        style="font-size: 18px; line-height: 24px; color: rgba(0, 0, 0, 0.85);"
      >
        Calculation: 
        1
      </div>
    </div>
  </div>
</body>
`;
