// Jest Snapshot v1, https://goo.gl/fbAQLP

exports[`Statistics Snapshot 1`] = `
<body>
  <div>
    <span
      class="ant-typography ant-typography-secondary"
    >
      (Not provide this feature yet on L2)
    </span>
  </div>
</body>
`;
