// Jest Snapshot v1, https://goo.gl/fbAQLP

exports[`Max Snapshot 1`] = `
<body>
  <div>
    <button
      class="sc-bdvvtL bxKQgB"
    >
      DEV
    </button>
  </div>
</body>
`;
