// Jest Snapshot v1, https://goo.gl/fbAQLP

exports[`MarketOverview Snapshot 1`] = `
<body>
  <div>
    <div
      style="max-width: 680px; margin-right: auto; margin-left: auto;"
    >
      <div
        class="ant-row"
        style="margin: 82px 0px;"
      >
        <div
          class="ant-col ant-col-24"
        >
          <div
            class="ant-list ant-list-split ant-list-bordered"
          >
            <div
              class="ant-spin-nested-loading"
            >
              <div
                class="ant-spin-container"
              >
                <ul
                  class="ant-list-items"
                >
                  <li
                    class="ant-list-item"
                  >
                    <div
                      class="ant-list-item-meta"
                    >
                      <div
                        class="ant-list-item-meta-content"
                      >
                        <h4
                          class="ant-list-item-meta-title"
                        >
                          <a
                            href="https://niwa.xyz"
                            rel="noreferrer"
                            target="_blank"
                          >
                            <a
                              class="sc-bdvvtL cZnWxv"
                            >
                              npm
                            </a>
                          </a>
                        </h4>
                        <div
                          class="ant-list-item-meta-description"
                        >
                          Marketize the number of downloads of public npm packages.
                        </div>
                      </div>
                    </div>
                  </li>
                </ul>
              </div>
            </div>
          </div>
        </div>
      </div>
    </div>
  </div>
</body>
`;
