// Jest Snapshot v1, https://goo.gl/fbAQLP

exports[`AssetItemOnList Snapshot 1`] = `
<body>
  <div>
    <div
      class="sc-pVTFL igAzgN"
    >
      <a
        class="sc-jrQzAO sc-iqseJM fgcmjD irPoXs"
        href="/ethereum/property-address"
      >
        <div
          class="sc-gKclnd dNSlal"
        >
          <div
            class="sc-iCfMLu hxewiF"
            size="90"
          />
        </div>
        <h3
          class="sc-hKwDye cQfZTQ"
        >
          property-address-name
        </h3>
      </a>
      <div
        class="ant-statistic sc-furwcr sc-crHmcD fVdBCY bZrgkD"
      >
        <div
          class="ant-statistic-title"
        >
          Your Stake
        </div>
        <div
          class="ant-statistic-content"
        >
          <span
            class="ant-statistic-content-value"
          >
            <span
              class="ant-statistic-content-value-int"
            >
              
              5,000
            </span>
            <span
              class="ant-statistic-content-value-decimal"
            >
              .00
            </span>
          </span>
        </div>
      </div>
      <div
        class="ant-statistic sc-furwcr sc-egiyK fVdBCY dCoOLj"
      >
        <div
          class="ant-statistic-title"
        >
          Your Rewards
        </div>
        <div
          class="ant-statistic-content"
        >
          <span
            class="ant-statistic-content-value"
          >
            <span
              class="ant-statistic-content-value-int"
            >
              
              5,000
            </span>
            <span
              class="ant-statistic-content-value-decimal"
            >
              .00
            </span>
          </span>
        </div>
      </div>
      <div
        class="sc-kDTinF sc-bqiRlB iNSKQe bWzqsv"
      >
        
        
        
      </div>
    </div>
  </div>
</body>
`;
