// Jest Snapshot v1, https://goo.gl/fbAQLP

exports[`WithdrawForm Snapshot 1`] = `
<body>
  <div>
    <div
      class="sc-bdvvtL"
    >
      <p>
        Withdraw 
        Creators
         Reward 
        1000
         
        DEV
         available
      </p>
      <div
        class="sc-gsDKAQ eEfWgX"
      >
        <button
          class="ant-btn ant-btn-primary ant-btn-lg"
          type="button"
        >
          <span>
            Withdraw
          </span>
        </button>
      </div>
    </div>
  </div>
</body>
`;
