// Jest Snapshot v1, https://goo.gl/fbAQLP

exports[`Informations Snapshot 1`] = `
<body>
  <div>
    <div
      class="sc-jRQBWg jvcUAg"
    >
      Information
    </div>
    <div
      class="sc-bdvvtL birinC"
    >
      <div
        class="ant-card ant-card-bordered sc-gsDKAQ sc-dkPtRN dJtSgW iPDFlP"
      >
        <div
          class="ant-card-body"
        >
          <div
            class="ant-statistic"
          >
            <div
              class="ant-statistic-title"
            >
              Monthly Yield
            </div>
            <div
              class="ant-statistic-content"
            >
              <span
                class="ant-statistic-content-value"
              >
                <span
                  class="ant-statistic-content-value-int"
                >
                  
                  25,920
                </span>
                
              </span>
              <span
                class="ant-statistic-content-suffix"
              >
                %
              </span>
            </div>
          </div>
        </div>
      </div>
      <div
        class="ant-card ant-card-bordered sc-gsDKAQ sc-hKwDye dJtSgW bjGuob"
      >
        <div
          class="ant-card-body"
        >
          <div
            class="ant-statistic"
          >
            <div
              class="ant-statistic-title"
            >
              Reward Multiplier
            </div>
            <div
              class="ant-statistic-content"
            >
              <span
                class="ant-statistic-content-value"
              >
                <span
                  class="ant-statistic-content-value-int"
                >
                  
                  1
                </span>
                <span
                  class="ant-statistic-content-value-decimal"
                >
                  .0
                </span>
              </span>
              <span
                class="ant-statistic-content-suffix"
              >
                X / 5X
              </span>
            </div>
          </div>
        </div>
      </div>
      <div
        class="ant-card ant-card-bordered sc-gsDKAQ sc-eCImPb dJtSgW ezcUUs"
      >
        <div
          class="ant-card-body"
        >
          <div
            class="ant-statistic"
          >
            <div
              class="ant-statistic-title"
            >
              Accrued Rewards
            </div>
            <div
              class="ant-statistic-content"
            >
              <span
                class="ant-statistic-content-value"
              >
                <span
                  class="ant-statistic-content-value-int"
                >
                  
                  0
                </span>
                <span
                  class="ant-statistic-content-value-decimal"
                >
                  .00
                </span>
              </span>
              <span
                class="ant-statistic-content-suffix"
              >
                DEV
              </span>
            </div>
          </div>
        </div>
      </div>
    </div>
  </div>
</body>
`;
