// Jest Snapshot v1, https://goo.gl/fbAQLP

exports[`InvitationRequestForm Snapshot 1`] = `
<body>
  <div>
    <div
      class="sc-eCImPb jxpWKq"
    >
      <form
        class="ant-form ant-form-horizontal"
        id="basic"
        style="padding: 0.75em;"
      >
        <div
          class="sc-jRQBWg dtSJmc"
        >
          <h2>
            Application
          </h2>
        </div>
        <div
          class="sc-gKclnd jCJuJx"
        >
          <div
            class="sc-furwcr jmJULh"
          >
            Your name:
          </div>
          <div
            class="ant-row ant-form-item"
          >
            <div
              class="ant-col ant-form-item-control"
            >
              <div
                class="ant-form-item-control-input"
              >
                <div
                  class="ant-form-item-control-input-content"
                >
                  <div
                    class="ant-row ant-form-item sc-bdvvtL kPCGkR"
                  >
                    <div
                      class="ant-col ant-form-item-control"
                    >
                      <div
                        class="ant-form-item-control-input"
                      >
                        <div
                          class="ant-form-item-control-input-content"
                        >
                          <div
                            class="sc-gsDKAQ bHMKjG"
                          >
                            <span
                              aria-label="font-colors"
                              class="anticon anticon-font-colors"
                              role="img"
                              style="color: grey;"
                            >
                              <svg
                                aria-hidden="true"
                                data-icon="font-colors"
                                fill="currentColor"
                                focusable="false"
                                height="1em"
                                viewBox="64 64 896 896"
                                width="1em"
                              >
                                <path
                                  d="M904 816H120c-4.4 0-8 3.6-8 8v80c0 4.4 3.6 8 8 8h784c4.4 0 8-3.6 8-8v-80c0-4.4-3.6-8-8-8zm-650.3-80h85c4.2 0 8-2.7 9.3-6.8l53.7-166h219.2l53.2 166c1.3 4 5 6.8 9.3 6.8h89.1c1.1 0 2.2-.2 3.2-.5a9.7 9.7 0 006-12.4L573.6 118.6a9.9 9.9 0 00-9.2-6.6H462.1c-4.2 0-7.9 2.6-9.2 6.6L244.5 723.1c-.4 1-.5 2.1-.5 3.2-.1 5.3 4.3 9.7 9.7 9.7zm255.9-516.1h4.1l83.8 263.8H424.9l84.7-263.8z"
                                />
                              </svg>
                            </span>
                          </div>
                          <input
                            class="sc-hKwDye bghYKm"
                            id="basic_name"
                            placeholder="name"
                            value=""
                          />
                        </div>
                      </div>
                    </div>
                  </div>
                </div>
              </div>
            </div>
          </div>
        </div>
        <div
          class="sc-gKclnd jCJuJx"
        >
          <div
            class="sc-furwcr jmJULh"
          >
            Your email:
          </div>
          <div
            class="ant-row ant-form-item"
          >
            <div
              class="ant-col ant-form-item-control"
            >
              <div
                class="ant-form-item-control-input"
              >
                <div
                  class="ant-form-item-control-input-content"
                >
                  <div
                    class="ant-row ant-form-item sc-bdvvtL kPCGkR"
                  >
                    <div
                      class="ant-col ant-form-item-control"
                    >
                      <div
                        class="ant-form-item-control-input"
                      >
                        <div
                          class="ant-form-item-control-input-content"
                        >
                          <div
                            class="sc-gsDKAQ bHMKjG"
                          >
                            <span
                              aria-label="mail"
                              class="anticon anticon-mail"
                              role="img"
                              style="color: grey;"
                            >
                              <svg
                                aria-hidden="true"
                                data-icon="mail"
                                fill="currentColor"
                                focusable="false"
                                height="1em"
                                viewBox="64 64 896 896"
                                width="1em"
                              >
                                <path
                                  d="M928 160H96c-17.7 0-32 14.3-32 32v640c0 17.7 14.3 32 32 32h832c17.7 0 32-14.3 32-32V192c0-17.7-14.3-32-32-32zm-40 110.8V792H136V270.8l-27.6-21.5 39.3-50.5 42.8 33.3h643.1l42.8-33.3 39.3 50.5-27.7 21.5zM833.6 232L512 482 190.4 232l-42.8-33.3-39.3 50.5 27.6 21.5 341.6 265.6a55.99 55.99 0 0068.7 0L888 270.8l27.6-21.5-39.3-50.5-42.7 33.2z"
                                />
                              </svg>
                            </span>
                          </div>
                          <input
                            class="sc-hKwDye bghYKm"
                            id="basic_email"
                            placeholder="email"
                            value=""
                          />
                        </div>
                      </div>
                    </div>
                  </div>
                </div>
              </div>
            </div>
          </div>
        </div>
        <div
          class="sc-gKclnd jCJuJx"
        >
          <div
            class="sc-furwcr jmJULh"
          >
            Project name:
          </div>
          <div
            class="ant-row ant-form-item"
          >
            <div
              class="ant-col ant-form-item-control"
            >
              <div
                class="ant-form-item-control-input"
              >
                <div
                  class="ant-form-item-control-input-content"
                >
                  <div
                    class="ant-row ant-form-item sc-bdvvtL kPCGkR"
                  >
                    <div
                      class="ant-col ant-form-item-control"
                    >
                      <div
                        class="ant-form-item-control-input"
                      >
                        <div
                          class="ant-form-item-control-input-content"
                        >
                          <div
                            class="sc-gsDKAQ bHMKjG"
                          >
                            <span
                              aria-label="code"
                              class="anticon anticon-code"
                              role="img"
                              style="color: grey;"
                            >
                              <svg
                                aria-hidden="true"
                                data-icon="code"
                                fill="currentColor"
                                focusable="false"
                                height="1em"
                                viewBox="64 64 896 896"
                                width="1em"
                              >
                                <path
                                  d="M516 673c0 4.4 3.4 8 7.5 8h185c4.1 0 7.5-3.6 7.5-8v-48c0-4.4-3.4-8-7.5-8h-185c-4.1 0-7.5 3.6-7.5 8v48zm-194.9 6.1l192-161c3.8-3.2 3.8-9.1 0-12.3l-192-160.9A7.95 7.95 0 00308 351v62.7c0 2.4 1 4.6 2.9 6.1L420.7 512l-109.8 92.2a8.1 8.1 0 00-2.9 6.1V673c0 6.8 7.9 10.5 13.1 6.1zM880 112H144c-17.7 0-32 14.3-32 32v736c0 17.7 14.3 32 32 32h736c17.7 0 32-14.3 32-32V144c0-17.7-14.3-32-32-32zm-40 728H184V184h656v656z"
                                />
                              </svg>
                            </span>
                          </div>
                          <input
                            class="sc-hKwDye bghYKm"
                            id="basic_asset"
                            placeholder="project (e.g., your/awesome-repos)"
                            value=""
                          />
                        </div>
                      </div>
                    </div>
                  </div>
                </div>
              </div>
            </div>
          </div>
        </div>
        <div
          class="sc-gKclnd jCJuJx"
        >
          <div
            class="sc-furwcr jmJULh"
          >
            Description:
          </div>
          <div
            class="ant-row ant-form-item"
          >
            <div
              class="ant-col ant-form-item-control"
            >
              <div
                class="ant-form-item-control-input"
              >
                <div
                  class="ant-form-item-control-input-content"
                >
                  <textarea
                    class="sc-kDTinF fHHkjf"
                    id="basic_useCase"
                    placeholder="Our project aims to..."
                    rows="4"
                  />
                </div>
              </div>
            </div>
          </div>
        </div>
        <div
          class="sc-gKclnd jCJuJx"
        >
          <div
            class="sc-furwcr jmJULh"
          >
            Your role:
          </div>
          <div
            class="ant-row ant-form-item"
          >
            <div
              class="ant-col ant-form-item-control"
            >
              <div
                class="ant-form-item-control-input"
              >
                <div
                  class="ant-form-item-control-input-content"
                >
                  <div
                    class="ant-row ant-form-item sc-bdvvtL kPCGkR"
                  >
                    <div
                      class="ant-col ant-form-item-control"
                    >
                      <div
                        class="ant-form-item-control-input"
                      >
                        <div
                          class="ant-form-item-control-input-content"
                        >
                          <div
                            class="sc-gsDKAQ bHMKjG"
                          >
                            <span
                              aria-label="user"
                              class="anticon anticon-user"
                              role="img"
                              style="color: grey;"
                            >
                              <svg
                                aria-hidden="true"
                                data-icon="user"
                                fill="currentColor"
                                focusable="false"
                                height="1em"
                                viewBox="64 64 896 896"
                                width="1em"
                              >
                                <path
                                  d="M858.5 763.6a374 374 0 00-80.6-119.5 375.63 375.63 0 00-119.5-80.6c-.4-.2-.8-.3-1.2-.5C719.5 518 760 444.7 760 362c0-137-111-248-248-248S264 225 264 362c0 82.7 40.5 156 102.8 201.1-.4.2-.8.3-1.2.5-44.8 18.9-85 46-119.5 80.6a375.63 375.63 0 00-80.6 119.5A371.7 371.7 0 00136 901.8a8 8 0 008 8.2h60c4.4 0 7.9-3.5 8-7.8 2-77.2 33-149.5 87.8-204.3 56.7-56.7 132-87.9 212.2-87.9s155.5 31.2 212.2 87.9C779 752.7 810 825 812 902.2c.1 4.4 3.6 7.8 8 7.8h60a8 8 0 008-8.2c-1-47.8-10.9-94.3-29.5-138.2zM512 534c-45.9 0-89.1-17.9-121.6-50.4S340 407.9 340 362c0-45.9 17.9-89.1 50.4-121.6S466.1 190 512 190s89.1 17.9 121.6 50.4S684 316.1 684 362c0 45.9-17.9 89.1-50.4 121.6S557.9 534 512 534z"
                                />
                              </svg>
                            </span>
                          </div>
                          <input
                            class="sc-hKwDye bghYKm"
                            id="basic_role"
                            placeholder="role"
                            value=""
                          />
                        </div>
                      </div>
                    </div>
                  </div>
                </div>
              </div>
            </div>
          </div>
        </div>
        <div
          class="sc-gKclnd jCJuJx"
        >
          <div
            class="sc-furwcr jmJULh"
          >
            <span
              class="sc-iqseJM hDdzyn"
            >
              market
            </span>
             repo:
          </div>
          <div
            class="ant-row ant-form-item"
          >
            <div
              class="ant-col ant-form-item-control"
            >
              <div
                class="ant-form-item-control-input"
              >
                <div
                  class="ant-form-item-control-input-content"
                >
                  <div
                    class="ant-row ant-form-item sc-bdvvtL kPCGkR"
                  >
                    <div
                      class="ant-col ant-form-item-control"
                    >
                      <div
                        class="ant-form-item-control-input"
                      >
                        <div
                          class="ant-form-item-control-input-content"
                        >
                          <div
                            class="sc-gsDKAQ bHMKjG"
                          >
                            <span
                              aria-label="branches"
                              class="anticon anticon-branches"
                              role="img"
                              style="color: grey;"
                            >
                              <svg
                                aria-hidden="true"
                                data-icon="branches"
                                fill="currentColor"
                                focusable="false"
                                height="1em"
                                viewBox="64 64 896 896"
                                width="1em"
                              >
                                <path
                                  d="M740 161c-61.8 0-112 50.2-112 112 0 50.1 33.1 92.6 78.5 106.9v95.9L320 602.4V318.1c44.2-15 76-56.9 76-106.1 0-61.8-50.2-112-112-112s-112 50.2-112 112c0 49.2 31.8 91 76 106.1V706c-44.2 15-76 56.9-76 106.1 0 61.8 50.2 112 112 112s112-50.2 112-112c0-49.2-31.8-91-76-106.1v-27.8l423.5-138.7a50.52 50.52 0 0034.9-48.2V378.2c42.9-15.8 73.6-57 73.6-105.2 0-61.8-50.2-112-112-112zm-504 51a48.01 48.01 0 0196 0 48.01 48.01 0 01-96 0zm96 600a48.01 48.01 0 01-96 0 48.01 48.01 0 0196 0zm408-491a48.01 48.01 0 010-96 48.01 48.01 0 010 96z"
                                />
                              </svg>
                            </span>
                          </div>
                          <input
                            class="sc-hKwDye bghYKm"
                            id="basic_url"
                            placeholder="url"
                            value=""
                          />
                        </div>
                      </div>
                    </div>
                  </div>
                </div>
              </div>
            </div>
          </div>
        </div>
        <div
          class="sc-gKclnd jCJuJx"
        >
          <div>
            <div
              class="sc-furwcr jmJULh"
              style="margin-top: 0px; font-size: 1.1em;"
            >
              <a
                href="https://discord.gg/VwJp4KM"
              >
                Dev Protocol
              </a>
            </div>
            <span
              style="font-size: 1.1em;"
            >
              Discord username:
            </span>
          </div>
          <div
            class="ant-row ant-form-item"
          >
            <div
              class="ant-col ant-form-item-control"
            >
              <div
                class="ant-form-item-control-input"
              >
                <div
                  class="ant-form-item-control-input-content"
                >
                  <div
                    class="ant-row ant-form-item sc-bdvvtL kPCGkR"
                  >
                    <div
                      class="ant-col ant-form-item-control"
                    >
                      <div
                        class="ant-form-item-control-input"
                      >
                        <div
                          class="ant-form-item-control-input-content"
                        >
                          <div
                            class="sc-gsDKAQ bHMKjG"
                          >
                            <span
                              aria-label="message"
                              class="anticon anticon-message"
                              role="img"
                              style="color: grey;"
                            >
                              <svg
                                aria-hidden="true"
                                data-icon="message"
                                fill="currentColor"
                                focusable="false"
                                height="1em"
                                viewBox="64 64 896 896"
                                width="1em"
                              >
                                <path
                                  d="M464 512a48 48 0 1096 0 48 48 0 10-96 0zm200 0a48 48 0 1096 0 48 48 0 10-96 0zm-400 0a48 48 0 1096 0 48 48 0 10-96 0zm661.2-173.6c-22.6-53.7-55-101.9-96.3-143.3a444.35 444.35 0 00-143.3-96.3C630.6 75.7 572.2 64 512 64h-2c-60.6.3-119.3 12.3-174.5 35.9a445.35 445.35 0 00-142 96.5c-40.9 41.3-73 89.3-95.2 142.8-23 55.4-34.6 114.3-34.3 174.9A449.4 449.4 0 00112 714v152a46 46 0 0046 46h152.1A449.4 449.4 0 00510 960h2.1c59.9 0 118-11.6 172.7-34.3a444.48 444.48 0 00142.8-95.2c41.3-40.9 73.8-88.7 96.5-142 23.6-55.2 35.6-113.9 35.9-174.5.3-60.9-11.5-120-34.8-175.6zm-151.1 438C704 845.8 611 884 512 884h-1.7c-60.3-.3-120.2-15.3-173.1-43.5l-8.4-4.5H188V695.2l-4.5-8.4C155.3 633.9 140.3 574 140 513.7c-.4-99.7 37.7-193.3 107.6-263.8 69.8-70.5 163.1-109.5 262.8-109.9h1.7c50 0 98.5 9.7 144.2 28.9 44.6 18.7 84.6 45.6 119 80 34.3 34.3 61.3 74.4 80 119 19.4 46.2 29.1 95.2 28.9 145.8-.6 99.6-39.7 192.9-110.1 262.7z"
                                />
                              </svg>
                            </span>
                          </div>
                          <input
                            class="sc-hKwDye bghYKm"
                            id="basic_discord"
                            placeholder="discord username"
                            value=""
                          />
                        </div>
                      </div>
                    </div>
                  </div>
                </div>
              </div>
            </div>
          </div>
        </div>
        <div
          class="sc-gKclnd jCJuJx"
        >
          <div
            class="sc-furwcr jmJULh"
          >
            Additional info:
          </div>
          <div
            class="ant-row ant-form-item"
          >
            <div
              class="ant-col ant-form-item-control"
            >
              <div
                class="ant-form-item-control-input"
              >
                <div
                  class="ant-form-item-control-input-content"
                >
                  <div
                    class="ant-row ant-form-item sc-bdvvtL kPCGkR"
                  >
                    <div
                      class="ant-col ant-form-item-control"
                    >
                      <div
                        class="ant-form-item-control-input"
                      >
                        <div
                          class="ant-form-item-control-input-content"
                        >
                          <div
                            class="sc-gsDKAQ bHMKjG"
                          >
                            <span
                              aria-label="notification"
                              class="anticon anticon-notification"
                              role="img"
                              style="color: grey;"
                            >
                              <svg
                                aria-hidden="true"
                                data-icon="notification"
                                fill="currentColor"
                                focusable="false"
                                height="1em"
                                viewBox="64 64 896 896"
                                width="1em"
                              >
                                <path
                                  d="M880 112c-3.8 0-7.7.7-11.6 2.3L292 345.9H128c-8.8 0-16 7.4-16 16.6v299c0 9.2 7.2 16.6 16 16.6h101.7c-3.7 11.6-5.7 23.9-5.7 36.4 0 65.9 53.8 119.5 120 119.5 55.4 0 102.1-37.6 115.9-88.4l408.6 164.2c3.9 1.5 7.8 2.3 11.6 2.3 16.9 0 32-14.2 32-33.2V145.2C912 126.2 897 112 880 112zM344 762.3c-26.5 0-48-21.4-48-47.8 0-11.2 3.9-21.9 11-30.4l84.9 34.1c-2 24.6-22.7 44.1-47.9 44.1zm496 58.4L318.8 611.3l-12.9-5.2H184V417.9h121.9l12.9-5.2L840 203.3v617.4z"
                                />
                              </svg>
                            </span>
                          </div>
                          <input
                            class="sc-hKwDye bghYKm"
                            id="basic_ask"
                            placeholder="I'd like to say..."
                            value=""
                          />
                        </div>
                      </div>
                    </div>
                  </div>
                </div>
              </div>
            </div>
          </div>
        </div>
        <div
          class="sc-iCfMLu gZJfOz"
        >
          <label
            class="ant-checkbox-wrapper"
          >
            <span
              class="ant-checkbox"
            >
              <input
                class="ant-checkbox-input"
                type="checkbox"
                value=""
              />
              <span
                class="ant-checkbox-inner"
              />
            </span>
            <span>
              Agreement to 
              <a
                href="/terms-of-use"
                rel="noreferrer"
                target="_blank"
              >
                terms of use
              </a>
               and 
              <a
                href="https://github.com/dev-protocol/community/blob/main/CODE_OF_CONDUCT.md"
                rel="noreferrer"
                target="_blank"
              >
                code of conduct
              </a>
              .
            </span>
          </label>
        </div>
        <div
          class="sc-iCfMLu gZJfOz"
        >
          <label
            class="ant-checkbox-wrapper"
          >
            <span
              class="ant-checkbox"
            >
              <input
                class="ant-checkbox-input"
                type="checkbox"
                value=""
              />
              <span
                class="ant-checkbox-inner"
              />
            </span>
            <span>
              Subscribe to our Newsletter
            </span>
          </label>
        </div>
        <div
          class="sc-gKclnd jCJuJx"
        >
          <div
            style="display: flex; grid-column: 1/-1; justify-content: flex-end;"
          >
            <div
              class="sc-pVTFL hnWUAh"
            >
              <button
                class="sc-jrQzAO ckCgAh"
                disabled=""
                type="submit"
              >
                Submit
              </button>
            </div>
          </div>
        </div>
      </form>
    </div>
  </div>
</body>
`;
