// Jest Snapshot v1, https://goo.gl/fbAQLP

exports[`CancelForm Snapshot 1`] = `
<body>
  <div>
    <div
      class="sc-dy1yq4-0"
    >
      <p>
        Cancel Staking
      </p>
      <button
        class="ant-btn ant-btn-primary ant-btn-lg"
        type="button"
      >
        <span>
          Cancel
        </span>
      </button>
    </div>
  </div>
</body>
`;
