// Jest Snapshot v1, https://goo.gl/fbAQLP

exports[`Deposit Snapshot 1`] = `
<body>
  <div>
    <form
      class="ant-form ant-form-vertical sc-eCImPb bZriFc"
    >
      <div
        class="ant-statistic"
      >
        <div
          class="ant-statistic-title"
        >
          Program duration
        </div>
        <div
          class="ant-statistic-content"
        >
          <span
            class="ant-statistic-content-value"
          >
            0 day(s) 00:00:00 left
          </span>
        </div>
      </div>
      <div
        class="ant-row ant-form-item"
      >
        <div
          class="ant-col ant-form-item-control"
        >
          <div
            class="ant-form-item-control-input"
          >
            <div
              class="ant-form-item-control-input-content"
            >
              <div
                class="sc-bdvvtL lmxjND"
              >
                <label
                  for="amount"
                >
                  Your amount
                </label>
                <span
                  class="ant-input-affix-wrapper ant-input-affix-wrapper-lg sc-gsDKAQ dSVFwg"
                >
                  <input
                    class="ant-input ant-input-lg"
                    id="amount"
                    type="number"
                    value=""
                  />
                  <span
                    class="ant-input-suffix"
                  >
                    <span
                      class="sc-hKwDye hiokQn"
                    >
                      ETHDEV-V2
                    </span>
                    <button
                      class="ant-btn ant-btn-primary ant-btn-sm sc-dkPtRN leCUQt"
                      type="button"
                    >
                      <span>
                        Max
                      </span>
                    </button>
                  </span>
                </span>
                <a
                  href="https://app.uniswap.org/#/add/v2/0x5cAf454Ba92e6F2c929DF14667Ee360eD9fD5b26/ETH"
                  rel="noreferrer"
                  target="_blank"
                >
                  Provide liquidity on Uniswap to get ETHDEV-V2 â†—
                </a>
              </div>
            </div>
          </div>
        </div>
      </div>
      <div
        class="ant-row ant-form-item"
      >
        <div
          class="ant-col ant-form-item-control"
        >
          <div
            class="ant-form-item-control-input"
          >
            <div
              class="ant-form-item-control-input-content"
            >
              <div
                class="sc-bdvvtL lmxjND"
              >
                <label
                  for="estimated"
                >
                  Your estimated reward
                </label>
                <input
                  class="ant-input ant-input-lg ant-input-disabled sc-gsDKAQ dSVFwg"
                  disabled=""
                  id="estimated"
                  type="text"
                  value="0 / month"
                />
                <small>
                  *Estimated rewards assume you have achieved the maximum reward multiplier.
                </small>
              </div>
            </div>
          </div>
        </div>
      </div>
      <div
        class="ant-row ant-form-item"
      >
        <div
          class="ant-col ant-form-item-control"
        >
          <div
            class="ant-form-item-control-input"
          >
            <div
              class="ant-form-item-control-input-content"
            >
              <div
                class="ant-steps ant-steps-vertical ant-steps-dot"
              >
                <div
                  class="ant-steps-item ant-steps-item-process ant-steps-item-active"
                >
                  <div
                    class="ant-steps-item-container"
                  >
                    <div
                      class="ant-steps-item-tail"
                    />
                    <div
                      class="ant-steps-item-icon"
                    >
                      <span
                        class="ant-steps-icon"
                      >
                        <span
                          class="ant-steps-icon-dot"
                        />
                      </span>
                    </div>
                    <div
                      class="ant-steps-item-content"
                    >
                      <div
                        class="ant-steps-item-title"
                      >
                        Approve
                      </div>
                      <div
                        class="ant-steps-item-description"
                      >
                        <p>
                          Please approve the token transfer to deposit ETHDEV-V2.
                        </p>
                        <button
                          class="ant-btn ant-btn-primary ant-btn-lg"
                          type="button"
                        >
                          <span>
                            Approve
                          </span>
                        </button>
                      </div>
                    </div>
                  </div>
                </div>
                <div
                  class="ant-steps-item ant-steps-item-wait"
                >
                  <div
                    class="ant-steps-item-container"
                  >
                    <div
                      class="ant-steps-item-tail"
                    />
                    <div
                      class="ant-steps-item-icon"
                    >
                      <span
                        class="ant-steps-icon"
                      >
                        <span
                          class="ant-steps-icon-dot"
                        />
                      </span>
                    </div>
                    <div
                      class="ant-steps-item-content"
                    >
                      <div
                        class="ant-steps-item-title"
                      >
                        Deposit
                      </div>
                      <div
                        class="ant-steps-item-description"
                      >
                        <p>
                          Deposit ETHDEV-V2.
                        </p>
                        <button
                          class="ant-btn ant-btn-primary ant-btn-lg"
                          disabled=""
                          type="button"
                        >
                          <span>
                            Deposit
                          </span>
                        </button>
                      </div>
                    </div>
                  </div>
                </div>
              </div>
            </div>
          </div>
        </div>
      </div>
    </form>
  </div>
</body>
`;
