// Jest Snapshot v1, https://goo.gl/fbAQLP

exports[`AuthHeader Snapshot 1`] = `
<body>
  <div>
    <div
      style="position: sticky; top: 0px; width: 100%; z-index: 5;"
    >
      <header
        class="sc-furwcr dEfYgJ"
      >
        <div
          class="sc-egiyK kYhVgg"
        >
          <header
            class="sc-pVTFL xEgAJ"
          >
            <div
              class="sc-jrQzAO kZuvhn"
            >
              <a
                class="sc-bdvvtL bKEjhC"
                href="/"
              >
                <span
                  class="sc-gsDKAQ hSRZmM"
                >
                  <svgrurl
                    id="headerlogo"
                  />
                  <span
                    class="sc-dkPtRN wwTvJ"
                  >
                    Stakes.social
                  </span>
                </span>
              </a>
            </div>
            <div
              class="sc-kDTinF kqfajw"
            >
              <svg
                height="50"
                id="emoji"
                style="margin-right: 0.5em; cursor: pointer;"
                viewBox="0 0 72 72"
                width="50"
                xmlns="http://www.w3.org/2000/svg"
              >
                <g
                  id="color"
                />
                <g
                  id="hair"
                />
                <g
                  id="skin"
                />
                <g
                  id="skin-shadow"
                />
                <g
                  id="line"
                >
                  <line
                    fill="none"
                    stroke="white"
                    stroke-linecap="round"
                    stroke-linejoin="round"
                    stroke-miterlimit="10"
                    stroke-width="2"
                    x1="16"
                    x2="56"
                    y1="26"
                    y2="26"
                  />
                  <line
                    fill="none"
                    stroke="white"
                    stroke-linecap="round"
                    stroke-linejoin="round"
                    stroke-miterlimit="10"
                    stroke-width="2"
                    x1="16"
                    x2="56"
                    y1="36"
                    y2="36"
                  />
                  <line
                    fill="none"
                    stroke="white"
                    stroke-linecap="round"
                    stroke-linejoin="round"
                    stroke-miterlimit="10"
                    stroke-width="2"
                    x1="16"
                    x2="56"
                    y1="46"
                    y2="46"
                  />
                </g>
              </svg>
              <div
                class="sc-jRQBWg fixFlJ"
              >
                <span
                  style="font-size: 0.8em;"
                >
                  Sign in
                </span>
              </div>
            </div>
          </header>
        </div>
      </header>
      <div
        class="sc-iCfMLu fOyGKa"
      >
        Beta Version
      </div>
    </div>
    <div
      class="sc-bqiRlB joQuxJ"
      height="300"
    >
      <h2
        class="sc-hBUSln jjFdcK"
      >
        Choose Market
      </h2>
      <div>
        Select one asset market to authenticate.
      </div>
    </div>
  </div>
</body>
`;
