// Jest Snapshot v1, https://goo.gl/fbAQLP

exports[`ConnectedApps Snapshot 1`] = `
<body>
  <div>
    <div>
      <p>
        Connected Apps
      </p>
      <div
        class="ant-empty sc-14abpdu-0 kkpIEb"
      >
        <div
          class="ant-empty-image"
        >
          <svgrurl
            width="100%"
          />
        </div>
        <div
          class="ant-empty-description"
        >
          This feature is under construction
        </div>
      </div>
    </div>
  </div>
</body>
`;
