// Jest Snapshot v1, https://goo.gl/fbAQLP

exports[`Header Snapshot 1`] = `
<body>
  <div>
    <div
      style="position: sticky; top: 0px; width: 100%; z-index: 5;"
    >
      <header
        class="sc-1bz6snd-0 jGyKGo"
      >
        <div
          class="sc-1bz6snd-6 dbGdwb"
        >
          <header
            class="sc-1bz6snd-1 hkjzWq"
          >
            <div
              class="sc-1bz6snd-2 gqvkYM"
            >
              <a
                class="sc-38x7tx-0 dDeIhU"
                href="/"
              >
                <span
                  class="sc-1u809dt-0 dlJlha"
                >
                  <svgrurl
                    id="headerlogo"
                  />
                  <span
                    class="sc-1u809dt-1 kabZnM"
                  >
                    Stakes.social
                  </span>
                </span>
              </a>
            </div>
            <div
              class="sc-1bz6snd-3 lapuCr"
            >
              <svg
                height="50"
                id="emoji"
                style="margin-right: 0.5em; cursor: pointer;"
                viewBox="0 0 72 72"
                width="50"
                xmlns="http://www.w3.org/2000/svg"
              >
                <g
                  id="color"
                />
                <g
                  id="hair"
                />
                <g
                  id="skin"
                />
                <g
                  id="skin-shadow"
                />
                <g
                  id="line"
                >
                  <line
                    fill="none"
                    stroke="white"
                    stroke-linecap="round"
                    stroke-linejoin="round"
                    stroke-miterlimit="10"
                    stroke-width="2"
                    x1="16"
                    x2="56"
                    y1="26"
                    y2="26"
                  />
                  <line
                    fill="none"
                    stroke="white"
                    stroke-linecap="round"
                    stroke-linejoin="round"
                    stroke-miterlimit="10"
                    stroke-width="2"
                    x1="16"
                    x2="56"
                    y1="36"
                    y2="36"
                  />
                  <line
                    fill="none"
                    stroke="white"
                    stroke-linecap="round"
                    stroke-linejoin="round"
                    stroke-miterlimit="10"
                    stroke-width="2"
                    x1="16"
                    x2="56"
                    y1="46"
                    y2="46"
                  />
                </g>
              </svg>
              <div
                class="sc-1dxoc5d-2 kZECui"
              >
                <span
                  style="font-size: 0.8em;"
                >
                  Sign in
                </span>
              </div>
            </div>
          </header>
        </div>
      </header>
      <div
        class="sc-ccfdvq-0 kJejvL"
      >
        Beta Version
      </div>
    </div>
  </div>
</body>
`;
